| addresses.cpp:36:26:36:32 | ... + ... | p12 | misclassified as NOT constant |
| addresses.cpp:71:15:71:20 | (reference to) | r4 | misclassified as constant |
| addresses.cpp:73:16:73:22 | (reference to) | fr4 | misclassified as constant |
