| argvLocal.c:63:9:63:12 | argv | VariableAccess | argvLocal.c:63:9:63:12 | argv | VariableAccess |
| argvLocal.c:63:9:63:12 | argv | VariableAccess | argvLocal.c:63:9:63:15 | access to array | ArrayExpr |
| argvLocal.c:64:15:64:18 | argv | VariableAccess | argvLocal.c:64:15:64:18 | argv | VariableAccess |
| argvLocal.c:64:15:64:18 | argv | VariableAccess | argvLocal.c:64:15:64:21 | access to array | ArrayExpr |
| argvLocal.c:67:14:67:17 | argv | VariableAccess | argvLocal.c:67:14:67:17 | argv | VariableAccess |
| argvLocal.c:67:14:67:17 | argv | VariableAccess | argvLocal.c:67:14:67:20 | access to array | ArrayExpr |
| argvLocal.c:95:9:95:12 | argv | VariableAccess | argvLocal.c:6:24:6:29 | format | Parameter |
| argvLocal.c:95:9:95:12 | argv | VariableAccess | argvLocal.c:95:9:95:12 | argv | VariableAccess |
| argvLocal.c:95:9:95:12 | argv | VariableAccess | argvLocal.c:95:9:95:15 | (const char *)... | CStyleCast |
| argvLocal.c:95:9:95:12 | argv | VariableAccess | argvLocal.c:95:9:95:15 | access to array | ArrayExpr |
| argvLocal.c:96:15:96:18 | argv | VariableAccess | argvLocal.c:6:24:6:29 | format | Parameter |
| argvLocal.c:96:15:96:18 | argv | VariableAccess | argvLocal.c:9:25:9:31 | correct | Parameter |
| argvLocal.c:96:15:96:18 | argv | VariableAccess | argvLocal.c:10:9:10:15 | (const char *)... | CStyleCast |
| argvLocal.c:96:15:96:18 | argv | VariableAccess | argvLocal.c:10:9:10:15 | correct | VariableAccess |
| argvLocal.c:96:15:96:18 | argv | VariableAccess | argvLocal.c:96:15:96:18 | argv | VariableAccess |
| argvLocal.c:96:15:96:18 | argv | VariableAccess | argvLocal.c:96:15:96:21 | access to array | ArrayExpr |
| argvLocal.c:100:7:100:10 | argv | VariableAccess | argvLocal.c:6:24:6:29 | format | Parameter |
| argvLocal.c:100:7:100:10 | argv | VariableAccess | argvLocal.c:9:25:9:31 | correct | Parameter |
| argvLocal.c:100:7:100:10 | argv | VariableAccess | argvLocal.c:10:9:10:15 | (const char *)... | CStyleCast |
| argvLocal.c:100:7:100:10 | argv | VariableAccess | argvLocal.c:10:9:10:15 | correct | VariableAccess |
| argvLocal.c:100:7:100:10 | argv | VariableAccess | argvLocal.c:99:8:99:9 | i1 | LocalVariable |
| argvLocal.c:100:7:100:10 | argv | VariableAccess | argvLocal.c:100:7:100:10 | argv | VariableAccess |
| argvLocal.c:100:7:100:10 | argv | VariableAccess | argvLocal.c:100:7:100:13 | access to array | ArrayExpr |
| argvLocal.c:100:7:100:10 | argv | VariableAccess | argvLocal.c:101:9:101:10 | (const char *)... | CStyleCast |
| argvLocal.c:100:7:100:10 | argv | VariableAccess | argvLocal.c:101:9:101:10 | i1 | VariableAccess |
| argvLocal.c:100:7:100:10 | argv | VariableAccess | argvLocal.c:102:15:102:16 | i1 | VariableAccess |
| argvLocal.c:100:7:100:10 | argv | VariableAccess | argvLocal.c:143:8:143:9 | i7 | LocalVariable |
| argvLocal.c:100:7:100:10 | argv | VariableAccess | argvLocal.c:143:13:143:26 | (...) | ParenthesisExpr |
| argvLocal.c:100:7:100:10 | argv | VariableAccess | argvLocal.c:143:14:143:25 | ... , ... | CommaExpr |
| argvLocal.c:100:7:100:10 | argv | VariableAccess | argvLocal.c:143:24:143:25 | i1 | VariableAccess |
| argvLocal.c:100:7:100:10 | argv | VariableAccess | argvLocal.c:144:9:144:10 | (const char *)... | CStyleCast |
| argvLocal.c:100:7:100:10 | argv | VariableAccess | argvLocal.c:144:9:144:10 | i7 | VariableAccess |
| argvLocal.c:100:7:100:10 | argv | VariableAccess | argvLocal.c:145:15:145:16 | i7 | VariableAccess |
| argvLocal.c:105:14:105:17 | argv | VariableAccess | argvLocal.c:6:24:6:29 | format | Parameter |
| argvLocal.c:105:14:105:17 | argv | VariableAccess | argvLocal.c:9:25:9:31 | correct | Parameter |
| argvLocal.c:105:14:105:17 | argv | VariableAccess | argvLocal.c:10:9:10:15 | (const char *)... | CStyleCast |
| argvLocal.c:105:14:105:17 | argv | VariableAccess | argvLocal.c:10:9:10:15 | correct | VariableAccess |
| argvLocal.c:105:14:105:17 | argv | VariableAccess | argvLocal.c:105:9:105:10 | i2 | LocalVariable |
| argvLocal.c:105:14:105:17 | argv | VariableAccess | argvLocal.c:105:14:105:17 | argv | VariableAccess |
| argvLocal.c:105:14:105:17 | argv | VariableAccess | argvLocal.c:106:9:106:10 | i2 | VariableAccess |
| argvLocal.c:105:14:105:17 | argv | VariableAccess | argvLocal.c:106:9:106:13 | (const char *)... | CStyleCast |
| argvLocal.c:105:14:105:17 | argv | VariableAccess | argvLocal.c:106:9:106:13 | access to array | ArrayExpr |
| argvLocal.c:105:14:105:17 | argv | VariableAccess | argvLocal.c:107:15:107:16 | i2 | VariableAccess |
| argvLocal.c:105:14:105:17 | argv | VariableAccess | argvLocal.c:107:15:107:19 | access to array | ArrayExpr |
| argvLocal.c:105:14:105:17 | argv | VariableAccess | argvLocal.c:110:9:110:11 | (const char *)... | CStyleCast |
| argvLocal.c:105:14:105:17 | argv | VariableAccess | argvLocal.c:110:9:110:11 | * ... | PointerDereferenceExpr |
| argvLocal.c:105:14:105:17 | argv | VariableAccess | argvLocal.c:110:10:110:11 | i2 | VariableAccess |
| argvLocal.c:105:14:105:17 | argv | VariableAccess | argvLocal.c:111:15:111:17 | * ... | PointerDereferenceExpr |
| argvLocal.c:105:14:105:17 | argv | VariableAccess | argvLocal.c:111:16:111:17 | i2 | VariableAccess |
| argvLocal.c:115:13:115:16 | argv | VariableAccess | argvLocal.c:6:24:6:29 | format | Parameter |
| argvLocal.c:115:13:115:16 | argv | VariableAccess | argvLocal.c:7:36:7:37 | s2 | Parameter |
| argvLocal.c:115:13:115:16 | argv | VariableAccess | argvLocal.c:9:25:9:31 | correct | Parameter |
| argvLocal.c:115:13:115:16 | argv | VariableAccess | argvLocal.c:10:9:10:15 | (const char *)... | CStyleCast |
| argvLocal.c:115:13:115:16 | argv | VariableAccess | argvLocal.c:10:9:10:15 | correct | VariableAccess |
| argvLocal.c:115:13:115:16 | argv | VariableAccess | argvLocal.c:115:2:115:7 | call to memcpy | FunctionCall |
| argvLocal.c:115:13:115:16 | argv | VariableAccess | argvLocal.c:115:13:115:16 | argv | VariableAccess |
| argvLocal.c:115:13:115:16 | argv | VariableAccess | argvLocal.c:115:13:115:19 | (const void *)... | CStyleCast |
| argvLocal.c:115:13:115:16 | argv | VariableAccess | argvLocal.c:115:13:115:19 | access to array | ArrayExpr |
| argvLocal.c:115:13:115:16 | argv | VariableAccess | argvLocal.c:116:9:116:10 | (const char *)... | CStyleCast |
| argvLocal.c:115:13:115:16 | argv | VariableAccess | argvLocal.c:116:9:116:10 | array to pointer conversion | ArrayToPointerConversion |
| argvLocal.c:115:13:115:16 | argv | VariableAccess | argvLocal.c:116:9:116:10 | i3 | VariableAccess |
| argvLocal.c:115:13:115:16 | argv | VariableAccess | argvLocal.c:117:15:117:16 | array to pointer conversion | ArrayToPointerConversion |
| argvLocal.c:115:13:115:16 | argv | VariableAccess | argvLocal.c:117:15:117:16 | i3 | VariableAccess |
| argvLocal.c:115:13:115:16 | argv | VariableAccess | argvLocal.c:120:8:120:9 | i4 | LocalVariable |
| argvLocal.c:115:13:115:16 | argv | VariableAccess | argvLocal.c:121:9:121:10 | (const char *)... | CStyleCast |
| argvLocal.c:115:13:115:16 | argv | VariableAccess | argvLocal.c:121:9:121:10 | i4 | VariableAccess |
| argvLocal.c:115:13:115:16 | argv | VariableAccess | argvLocal.c:122:15:122:16 | i4 | VariableAccess |
| argvLocal.c:115:13:115:16 | argv | VariableAccess | argvLocal.c:135:9:135:12 | (const char *)... | CStyleCast |
| argvLocal.c:115:13:115:16 | argv | VariableAccess | argvLocal.c:135:9:135:12 | ... ++ | PostfixIncrExpr |
| argvLocal.c:115:13:115:16 | argv | VariableAccess | argvLocal.c:136:15:136:18 | -- ... | PrefixDecrExpr |
| argvLocal.c:126:10:126:13 | argv | VariableAccess | argvLocal.c:6:24:6:29 | format | Parameter |
| argvLocal.c:126:10:126:13 | argv | VariableAccess | argvLocal.c:9:25:9:31 | correct | Parameter |
| argvLocal.c:126:10:126:13 | argv | VariableAccess | argvLocal.c:10:9:10:15 | (const char *)... | CStyleCast |
| argvLocal.c:126:10:126:13 | argv | VariableAccess | argvLocal.c:10:9:10:15 | correct | VariableAccess |
| argvLocal.c:126:10:126:13 | argv | VariableAccess | argvLocal.c:126:10:126:13 | argv | VariableAccess |
| argvLocal.c:126:10:126:13 | argv | VariableAccess | argvLocal.c:126:10:126:16 | access to array | ArrayExpr |
| argvLocal.c:126:10:126:13 | argv | VariableAccess | argvLocal.c:126:10:126:19 | access to array | ArrayExpr |
| argvLocal.c:126:10:126:13 | argv | VariableAccess | argvLocal.c:127:9:127:10 | (const char *)... | CStyleCast |
| argvLocal.c:126:10:126:13 | argv | VariableAccess | argvLocal.c:127:9:127:10 | array to pointer conversion | ArrayToPointerConversion |
| argvLocal.c:126:10:126:13 | argv | VariableAccess | argvLocal.c:127:9:127:10 | i5 | VariableAccess |
| argvLocal.c:126:10:126:13 | argv | VariableAccess | argvLocal.c:128:15:128:16 | array to pointer conversion | ArrayToPointerConversion |
| argvLocal.c:126:10:126:13 | argv | VariableAccess | argvLocal.c:128:15:128:16 | i5 | VariableAccess |
| argvLocal.c:126:10:126:13 | argv | VariableAccess | argvLocal.c:131:9:131:14 | (const char *)... | CStyleCast |
| argvLocal.c:126:10:126:13 | argv | VariableAccess | argvLocal.c:131:9:131:14 | ... + ... | PointerAddExpr |
| argvLocal.c:126:10:126:13 | argv | VariableAccess | argvLocal.c:132:15:132:20 | ... + ... | PointerAddExpr |
| argvLocal.c:139:9:139:12 | argv | VariableAccess | argvLocal.c:139:9:139:12 | argv | VariableAccess |
| argvLocal.c:139:9:139:12 | argv | VariableAccess | argvLocal.c:139:9:139:15 | access to array | ArrayExpr |
| argvLocal.c:140:15:140:18 | argv | VariableAccess | argvLocal.c:140:15:140:18 | argv | VariableAccess |
| argvLocal.c:140:15:140:18 | argv | VariableAccess | argvLocal.c:140:15:140:21 | access to array | ArrayExpr |
| argvLocal.c:143:14:143:17 | argv | VariableAccess | argvLocal.c:143:14:143:17 | argv | VariableAccess |
| argvLocal.c:143:14:143:17 | argv | VariableAccess | argvLocal.c:143:14:143:20 | access to array | ArrayExpr |
| argvLocal.c:149:11:149:14 | argv | VariableAccess | argvLocal.c:6:24:6:29 | format | Parameter |
| argvLocal.c:149:11:149:14 | argv | VariableAccess | argvLocal.c:9:25:9:31 | correct | Parameter |
| argvLocal.c:149:11:149:14 | argv | VariableAccess | argvLocal.c:10:9:10:15 | (const char *)... | CStyleCast |
| argvLocal.c:149:11:149:14 | argv | VariableAccess | argvLocal.c:10:9:10:15 | correct | VariableAccess |
| argvLocal.c:149:11:149:14 | argv | VariableAccess | argvLocal.c:148:8:148:9 | i8 | LocalVariable |
| argvLocal.c:149:11:149:14 | argv | VariableAccess | argvLocal.c:149:11:149:14 | argv | VariableAccess |
| argvLocal.c:149:11:149:14 | argv | VariableAccess | argvLocal.c:149:11:149:17 | access to array | ArrayExpr |
| argvLocal.c:149:11:149:14 | argv | VariableAccess | argvLocal.c:150:9:150:10 | (const char *)... | CStyleCast |
| argvLocal.c:149:11:149:14 | argv | VariableAccess | argvLocal.c:150:9:150:10 | i8 | VariableAccess |
| argvLocal.c:149:11:149:14 | argv | VariableAccess | argvLocal.c:151:15:151:16 | i8 | VariableAccess |
| argvLocal.c:156:23:156:26 | argv | VariableAccess | argvLocal.c:6:24:6:29 | format | Parameter |
| argvLocal.c:156:23:156:26 | argv | VariableAccess | argvLocal.c:7:36:7:37 | s2 | Parameter |
| argvLocal.c:156:23:156:26 | argv | VariableAccess | argvLocal.c:9:25:9:31 | correct | Parameter |
| argvLocal.c:156:23:156:26 | argv | VariableAccess | argvLocal.c:10:9:10:15 | (const char *)... | CStyleCast |
| argvLocal.c:156:23:156:26 | argv | VariableAccess | argvLocal.c:10:9:10:15 | correct | VariableAccess |
| argvLocal.c:156:23:156:26 | argv | VariableAccess | argvLocal.c:156:2:156:7 | call to memcpy | FunctionCall |
| argvLocal.c:156:23:156:26 | argv | VariableAccess | argvLocal.c:156:23:156:26 | argv | VariableAccess |
| argvLocal.c:156:23:156:26 | argv | VariableAccess | argvLocal.c:156:23:156:29 | (const void *)... | CStyleCast |
| argvLocal.c:156:23:156:26 | argv | VariableAccess | argvLocal.c:156:23:156:29 | access to array | ArrayExpr |
| argvLocal.c:156:23:156:26 | argv | VariableAccess | argvLocal.c:157:9:157:10 | (const char *)... | CStyleCast |
| argvLocal.c:156:23:156:26 | argv | VariableAccess | argvLocal.c:157:9:157:10 | i9 | VariableAccess |
| argvLocal.c:156:23:156:26 | argv | VariableAccess | argvLocal.c:158:15:158:16 | i9 | VariableAccess |
| argvLocal.c:163:22:163:25 | argv | VariableAccess | argvLocal.c:6:24:6:29 | format | Parameter |
| argvLocal.c:163:22:163:25 | argv | VariableAccess | argvLocal.c:7:36:7:37 | s2 | Parameter |
| argvLocal.c:163:22:163:25 | argv | VariableAccess | argvLocal.c:9:25:9:31 | correct | Parameter |
| argvLocal.c:163:22:163:25 | argv | VariableAccess | argvLocal.c:10:9:10:15 | (const char *)... | CStyleCast |
| argvLocal.c:163:22:163:25 | argv | VariableAccess | argvLocal.c:10:9:10:15 | correct | VariableAccess |
| argvLocal.c:163:22:163:25 | argv | VariableAccess | argvLocal.c:163:2:163:7 | call to memcpy | FunctionCall |
| argvLocal.c:163:22:163:25 | argv | VariableAccess | argvLocal.c:163:22:163:25 | argv | VariableAccess |
| argvLocal.c:163:22:163:25 | argv | VariableAccess | argvLocal.c:163:22:163:28 | access to array | ArrayExpr |
| argvLocal.c:163:22:163:25 | argv | VariableAccess | argvLocal.c:163:22:163:32 | (const void *)... | CStyleCast |
| argvLocal.c:163:22:163:25 | argv | VariableAccess | argvLocal.c:163:22:163:32 | ... + ... | PointerAddExpr |
| argvLocal.c:163:22:163:25 | argv | VariableAccess | argvLocal.c:164:9:164:11 | (const char *)... | CStyleCast |
| argvLocal.c:163:22:163:25 | argv | VariableAccess | argvLocal.c:164:9:164:11 | i91 | VariableAccess |
| argvLocal.c:163:22:163:25 | argv | VariableAccess | argvLocal.c:165:15:165:17 | i91 | VariableAccess |
| argvLocal.c:168:18:168:21 | argv | VariableAccess | argvLocal.c:6:24:6:29 | format | Parameter |
| argvLocal.c:168:18:168:21 | argv | VariableAccess | argvLocal.c:9:25:9:31 | correct | Parameter |
| argvLocal.c:168:18:168:21 | argv | VariableAccess | argvLocal.c:10:9:10:15 | (const char *)... | CStyleCast |
| argvLocal.c:168:18:168:21 | argv | VariableAccess | argvLocal.c:10:9:10:15 | correct | VariableAccess |
| argvLocal.c:168:18:168:21 | argv | VariableAccess | argvLocal.c:168:6:168:8 | i10 | LocalVariable |
| argvLocal.c:168:18:168:21 | argv | VariableAccess | argvLocal.c:168:12:168:24 | (int)... | CStyleCast |
| argvLocal.c:168:18:168:21 | argv | VariableAccess | argvLocal.c:168:18:168:21 | argv | VariableAccess |
| argvLocal.c:168:18:168:21 | argv | VariableAccess | argvLocal.c:168:18:168:24 | access to array | ArrayExpr |
| argvLocal.c:168:18:168:21 | argv | VariableAccess | argvLocal.c:169:9:169:20 | (char *)... | CStyleCast |
| argvLocal.c:168:18:168:21 | argv | VariableAccess | argvLocal.c:169:9:169:20 | (const char *)... | CStyleCast |
| argvLocal.c:168:18:168:21 | argv | VariableAccess | argvLocal.c:169:18:169:20 | i10 | VariableAccess |
| argvLocal.c:168:18:168:21 | argv | VariableAccess | argvLocal.c:170:15:170:26 | (char *)... | CStyleCast |
| argvLocal.c:168:18:168:21 | argv | VariableAccess | argvLocal.c:170:24:170:26 | i10 | VariableAccess |
