missingOperand
| ir.cpp:902:5:902:7 | ReturnValue | ReturnValue |
unexpectedOperand
duplicateOperand
operandAcrossFunctions
